
> frontend@0.1.0 build
> next build

笆ｲ Next.js 16.1.4 (Turbopack)
- Environments: .env.local, .env.production

  Creating an optimized production build ...
笨・Compiled successfully in 11.4s
  Running TypeScript ...
node.exe : Failed to compile.
発生場所 行:1 文字:1
+ & "C:\Program Files\nodejs/node.ex
e" "C:\Program Files\nodejs/node_mo 
...
+ ~~~~~~~~~~~~~~~~~~~~~~~~~~~~~~~~~~
~~~~~~~~~~~~~~~~~~~~~~~~~~~~~~~~~~~
    + CategoryInfo          : NotSp 
   ecified: (Failed to compile.:St  
  ring) [], RemoteException
    + FullyQualifiedErrorId : Nativ 
   eCommandError
 

./src/components/steps/OutlineEditor
Canvas.tsx:250:34
Type error: Cannot find name 'useBot
tomOutline'. Did you mean 'setUseBot
tomOutline'?

[0m [90m 248 |[39m               
          onClick[33m=[39m{() [33
m=>[39m {
 [90m 249 |[39m                   
          setActiveTab([32m'bottom'
[39m)[33m;[39m
[31m[1m>[22m[39m[90m 250 |[39m
                             [36mif
[39m ([33m![39museBottomOutline) 
setUseBottomOutline([36mtrue[39m)
[33m;[39m
 [90m     |[39m                   
               [31m[1m^[22m[39m
 [90m 251 |[39m                   
          [90m// Initialize bottom 
outline from top if empty[39m
 [90m 252 |[39m                   
          [36mif[39m (bottomOutlin
ePoints[33m.[39mlength [33m===[3
9m [35m0[39m [33m&&[39m outlineP
oints[33m.[39mlength [33m>[39m 
[35m0[39m) {
 [90m 253 |[39m                   
              setBottomOutlinePoints
(outlinePoints[33m.[39mmap(p [33m
=>[39m ({ [33m...[39mp })))[33m;
[39m[0m
Next.js build worker exited with cod
e: 1 and signal: null
